Server running at http://localhost:3001/
